# 查看磁盘
```
$ fdisk -l
```
```
磁盘 /dev/vda：42.9 GB, 42949672960 字节，83886080 个扇区
Units = 扇区 of 1 * 512 = 512 bytes
扇区大小(逻辑/物理)：512 字节 / 512 字节
I/O 大小(最小/最佳)：512 字节 / 512 字节
磁盘标签类型：dos
磁盘标识符：0x000d2717

   设备 Boot      Start         End      Blocks   Id  System
/dev/vda1   *        2048    83884031    41940992   83  Linux

磁盘 /dev/vdb：214.7 GB, 214748364800 字节，419430400 个扇区
Units = 扇区 of 1 * 512 = 512 bytes
扇区大小(逻辑/物理)：512 字节 / 512 字节
I/O 大小(最小/最佳)：512 字节 / 512 字节
```
# 格式化磁盘 （你要挂载的磁盘）
```
$  mkfs.ext4 /dev/vdb
```
```
mke2fs 1.42.9 (28-Dec-2013)
文件系统标签=
OS type: Linux
块大小=4096 (log=2)
分块大小=4096 (log=2)
Stride=0 blocks, Stripe width=0 blocks
13107200 inodes, 52428800 blocks
2621440 blocks (5.00%) reserved for the super user
第一个数据块=0
Maximum filesystem blocks=2199912448
1600 block groups
32768 blocks per group, 32768 fragments per group
8192 inodes per group
Superblock backups stored on blocks: 
	32768, 98304, 163840, 229376, 294912, 819200, 884736, 1605632, 2654208, 
	4096000, 7962624, 11239424, 20480000, 23887872

Allocating group tables: 完成                            
正在写入inode表: 完成                            
Creating journal (32768 blocks): 完成
Writing superblocks and filesystem accounting information: 完成  
```
# 新建挂载的目录
```
$ mkdir /data
```
# 挂载到指定目录
```
$ mount /dev/vdb /data/
```
# 查看
```
$ df -h
```
```
文件系统        容量  已用  可用 已用% 挂载点
/dev/vda1        40G  1.9G   36G    5% /
devtmpfs        3.9G     0  3.9G    0% /dev
tmpfs           3.9G     0  3.9G    0% /dev/shm
tmpfs           3.9G  292K  3.9G    1% /run
tmpfs           3.9G     0  3.9G    0% /sys/fs/cgroup
tmpfs           783M     0  783M    0% /run/user/0
/dev/vdb        197G   61M  187G    1% /data

```

# 设置开机自启动
- 查看uuid信息

```
$ blkid 
```

```
/dev/vda1: UUID="jai01nkwq-w2wq-456c-wqeq-909213kjqe" TYPE="ext4" 
/dev/vdb: UUID="2a0b762aa-jsad-46f7-kdoq-ojoqwej2op" TYPE="ext4" 
```
- 复制需要开机自启动磁盘的uuid

- 编辑fstab
```
$ vim /etc/fstab
```
```
UUID=jai01nkwq-w2wq-456c-wqeq-909213kjqe /                       ext4    defaults        1 1
UUID=2a0b762aa-jsad-46f7-kdoq-ojoqwej2op /data                   ext4    defaults        0 0
```

# 磁盘挂载已经完成



---


# 卸载已挂载的磁盘
- 查看
```
$ df -h
```
```
文件系统        容量  已用  可用 已用% 挂载点
/dev/vda1        40G  1.9G   36G    5% /
devtmpfs        3.9G     0  3.9G    0% /dev
tmpfs           3.9G     0  3.9G    0% /dev/shm
tmpfs           3.9G  304K  3.9G    1% /run
tmpfs           3.9G     0  3.9G    0% /sys/fs/cgroup
/dev/vdb        197G   61M  187G    1% /data
tmpfs           783M     0  783M    0% /run/user/0

```

- 卸载某个磁盘
```
umount /dev/vdb
```
- 删除fstab中的卸载了的磁盘uuid
```
$ vim /etc/fstab
```
```
    将 (UUID=2a0b762aa-jsad-46f7-kdoq-ojoqwej2op /data                   ext4    defaults        0 0 ) 删除,
```
- 删除开始挂载的目录
```
$ rm -rf /data/
```





